// Jest Snapshot v1, https://goo.gl/fbAQLP

exports[`PokemonPage Component should match snapshot 1`] = `<h1>Espere por favor...</h1>`;

exports[`PokemonPage Component should match snapshot when load pokemons 1`] = `
<div>
  <h1>Que pokémon é esse?</h1>
  <pokemon-picture-stub pokemonid="1" showpokemon="false"></pokemon-picture-stub>
  <pokemon-options-stub pokemons="[object Object],[object Object],[object Object],[object Object]"></pokemon-options-stub>
  <!--v-if-->
</div>
`;
